// Jest Snapshot v1, https://jestjs.io/docs/snapshot-testing

exports[`get-overview tool account overview (no projectId) should generate account overview with projects and sections 1`] = `
"# Personal Projects

- Inbox Project: Inbox (id=inbox-project-id)
- Project: test-abc123def456-project (id=6cfCcrrCFg2xP94Q)
  - Section: test-section (id=section-123)
"
`;

exports[`get-overview tool account overview (no projectId) should handle empty projects list 1`] = `
"# Personal Projects

_No projects found._
"
`;

exports[`get-overview tool project overview (with projectId) should generate detailed project overview with tasks 1`] = `
"# test-abc123def456-project

- id=8485093748; content=Task without section

## To Do
- id=8485093749; content=Task in To Do section
  - id=8485093750; content=Subtask of important task

## In Progress"
`;

exports[`get-overview tool project overview (with projectId) should handle project with no tasks 1`] = `"# Empty Project"`;
